******************************************************************************
                  TI ARM Linker Unix v20.2.7                   
******************************************************************************
>> Linked Thu Apr  6 08:43:56 2023

OUTPUT FILE NAME:   <FreeRTOS-base.out>
ENTRY POINT SYMBOL: "_c_int00_noargs"  address: 000051fd


MEMORY CONFIGURATION

         name            origin    length      used     unused   attr    fill
----------------------  --------  ---------  --------  --------  ----  --------
  MAIN                  00000000   00040000  000052ac  0003ad54  R  X
  INFO                  00200000   00004000  00000000  00004000  R  X
  SRAM_CODE             01000000   00010000  000083e0  00007c20  RW X
  SRAM_DATA             20000000   00010000  000083e0  00007c20  RW  


SEGMENT ALLOCATION MAP

run origin  load origin   length   init length attrs members
----------  ----------- ---------- ----------- ----- -------
00000000    00000000    000052b0   000052b0    r-x
  00000000    00000000    000000e4   000000e4    r-- .intvecs
  000000e4    000000e4    0000517c   0000517c    r-x .text
  00005260    00005260    0000000c   0000000c    r-- .const
  00005270    00005270    00000040   00000040    r-- .cinit
20000000    20000000    000081e0   00000000    rw-
  20000000    20000000    0000816c   00000000    rw- .bss
  2000816c    2000816c    00000074   00000000    rw- .data
2000fe00    2000fe00    00000200   00000000    rw-
  2000fe00    2000fe00    00000200   00000000    rw- .stack


SECTION ALLOCATION MAP

 output                                  attributes/
section   page    origin      length       input sections
--------  ----  ----------  ----------   ----------------
.intvecs   0    00000000    000000e4     
                  00000000    000000e4     startup_msp432p401r_ccs.obj (.intvecs:retain)

.text      0    000000e4    0000517c     
                  000000e4    0000282c     tasks.obj (.text)
                  00002910    00001136     queue.obj (.text)
                  00003a46    00000002     --HOLE-- [fill = 0]
                  00003a48    00000730     timers.obj (.text)
                  00004178    00000460     heap_4.obj (.text)
                  000045d8    00000440     port.obj (.text)
                  00004a18    00000354     system_msp432p401r.obj (.text)
                  00004d6c    0000012a     list.obj (.text)
                  00004e96    00000002     --HOLE-- [fill = 0]
                  00004e98    000000da     portasm.obj (.text)
                  00004f72    00000002     --HOLE-- [fill = 0]
                  00004f74    000000c4     main.obj (.text)
                  00005038    0000009c     rtsv7M4_T_le_v4SPD16_eabi.lib : memcpy_t2.asm.obj (.text)
                  000050d4    0000007a                                   : memset_t2.asm.obj (.text)
                  0000514e    00000068                                   : copy_decompress_lzss.c.obj (.text:decompress:lzss:__TI_decompress_lzss)
                  000051b6    00000002     --HOLE-- [fill = 0]
                  000051b8    00000044                                   : autoinit.c.obj (.text:__TI_auto_init_nobinit_nopinit:__TI_auto_init_nobinit_nopinit)
                  000051fc    00000034                                   : boot_cortex_m.c.obj (.text:_c_int00_noargs:_c_int00_noargs)
                  00005230    0000000e                                   : copy_decompress_none.c.obj (.text:decompress:none:__TI_decompress_none)
                  0000523e    0000000e     startup_msp432p401r_ccs.obj (.text)
                  0000524c    0000000c     rtsv7M4_T_le_v4SPD16_eabi.lib : copy_zero_init.c.obj (.text:decompress:ZI:__TI_zero_init)
                  00005258    00000004                                   : pre_init.c.obj (.text:_system_pre_init)
                  0000525c    00000004                                   : exit.c.obj (.text:abort:abort)

.const     0    00005260    0000000c     
                  00005260    00000008     port.obj (.const)
                  00005268    00000004     tasks.obj (.const)

.cinit     0    00005270    00000040     
                  00005270    00000017     (.cinit..data.load) [load image, compression = lzss]
                  00005287    00000001     --HOLE-- [fill = 0]
                  00005288    0000000c     (__TI_handler_table)
                  00005294    00000004     --HOLE-- [fill = 0]
                  00005298    00000008     (.cinit..bss.load) [load image, compression = zero_init]
                  000052a0    00000010     (__TI_cinit_table)

.init_array 
*          0    00000000    00000000     UNINITIALIZED

.binit     0    00000000    00000000     

.bss       0    20000000    0000816c     UNINITIALIZED
                  20000000    00008000     heap_4.obj (.bss:ucHeap)
                  20008000    000000c8     tasks.obj (.bss:pxReadyTasksLists)
                  200080c8    00000014     timers.obj (.bss:xActiveTimerList1)
                  200080dc    00000014     timers.obj (.bss:xActiveTimerList2)
                  200080f0    00000014     tasks.obj (.bss:xDelayedTaskList1)
                  20008104    00000014     tasks.obj (.bss:xDelayedTaskList2)
                  20008118    00000014     tasks.obj (.bss:xPendingReadyList)
                  2000812c    00000014     tasks.obj (.bss:xSuspendedTaskList)
                  20008140    00000014     tasks.obj (.bss:xTasksWaitingTermination)
                  20008154    00000008     tasks.obj (.bss)
                  2000815c    00000008     timers.obj (.bss)
                  20008164    00000008     heap_4.obj (.bss:xStart)

.data      0    2000816c    00000074     UNINITIALIZED
                  2000816c    00000034     tasks.obj (.data)
                  200081a0    00000018     port.obj (.data)
                  200081b8    00000014     heap_4.obj (.data)
                  200081cc    0000000c     timers.obj (.data)
                  200081d8    00000004     main.obj (.data)
                  200081dc    00000004     system_msp432p401r.obj (.data)

.stack     0    2000fe00    00000200     UNINITIALIZED
                  2000fe00    00000004     rtsv7M4_T_le_v4SPD16_eabi.lib : boot_cortex_m.c.obj (.stack)
                  2000fe04    000001fc     --HOLE--

__llvm_prf_cnts 
*          0    20000000    00000000     UNINITIALIZED

MODULE SUMMARY

       Module                        code    ro data   rw data
       ------                        ----    -------   -------
    ./
       system_msp432p401r.obj        852     0         8      
       startup_msp432p401r_ccs.obj   14      228       0      
       main.obj                      196     0         8      
    +--+-----------------------------+-------+---------+---------+
       Total:                        1062    228       16     
                                                              
    ./FreeRTOS/
       heap_4.obj                    1120    0         65592  
       tasks.obj                     10284   4         720    
       queue.obj                     4406    0         0      
       timers.obj                    1840    0         120    
       list.obj                      298     0         0      
    +--+-----------------------------+-------+---------+---------+
       Total:                        17948   4         66432  
                                                              
    ./FreeRTOS/portable/
       port.obj                      1088    8         48     
       portasm.obj                   218     0         0      
    +--+-----------------------------+-------+---------+---------+
       Total:                        1306    8         48     
                                                              
    /Applications/ti/ccs/ccs/tools/compiler/ti-cgt-arm_20.2.7.LTS/lib/rtsv7M4_T_le_v4SPD16_eabi.lib
       memcpy_t2.asm.obj             156     0         0      
       memset_t2.asm.obj             122     0         0      
       copy_decompress_lzss.c.obj    104     0         0      
       autoinit.c.obj                68      0         0      
       boot_cortex_m.c.obj           52      0         0      
       copy_decompress_none.c.obj    14      0         0      
       copy_zero_init.c.obj          12      0         0      
       exit.c.obj                    4       0         0      
       pre_init.c.obj                4       0         0      
    +--+-----------------------------+-------+---------+---------+
       Total:                        536     0         0      
                                                              
       Stack:                        0       0         1024   
       Linker Generated:             0       59        0      
    +--+-----------------------------+-------+---------+---------+
       Grand Total:                  20852   299       67520  


LINKER GENERATED COPY TABLES

__TI_cinit_table @ 000052a0 records: 2, size/record: 8, table size: 16
	.data: load addr=00005270, load size=00000017 bytes, run addr=2000816c, run size=00000074 bytes, compression=lzss
	.bss: load addr=00005298, load size=00000008 bytes, run addr=20000000, run size=0000816c bytes, compression=zero_init


LINKER GENERATED HANDLER TABLE

__TI_handler_table @ 00005288 records: 3, size/record: 4, table size: 12
	index: 0, handler: __TI_decompress_lzss
	index: 1, handler: __TI_decompress_none
	index: 2, handler: __TI_zero_init


GLOBAL SYMBOLS: SORTED ALPHABETICALLY BY Name 

address   name                               
-------   ----                               
0000524b  ADC14_IRQHandler                   
0000524b  AES256_IRQHandler                  
0000524b  BusFault_Handler                   
0000525d  C$$EXIT                            
0000524b  COMP_E0_IRQHandler                 
0000524b  COMP_E1_IRQHandler                 
0000524b  CS_IRQHandler                      
0000524b  DMA_ERR_IRQHandler                 
0000524b  DMA_INT0_IRQHandler                
0000524b  DMA_INT1_IRQHandler                
0000524b  DMA_INT2_IRQHandler                
0000524b  DMA_INT3_IRQHandler                
0000524b  DebugMon_Handler                   
0000524b  Default_Handler                    
0000524b  EUSCIA0_IRQHandler                 
0000524b  EUSCIA1_IRQHandler                 
0000524b  EUSCIA2_IRQHandler                 
0000524b  EUSCIA3_IRQHandler                 
0000524b  EUSCIB0_IRQHandler                 
0000524b  EUSCIB1_IRQHandler                 
0000524b  EUSCIB2_IRQHandler                 
0000524b  EUSCIB3_IRQHandler                 
0000524b  FLCTL_IRQHandler                   
0000524b  FPU_IRQHandler                     
0000524b  HardFault_Handler                  
0000524b  MemManage_Handler                  
0000524b  NMI_Handler                        
0000524b  PCM_IRQHandler                     
0000524b  PORT1_IRQHandler                   
0000524b  PORT2_IRQHandler                   
0000524b  PORT3_IRQHandler                   
0000524b  PORT4_IRQHandler                   
0000524b  PORT5_IRQHandler                   
0000524b  PORT6_IRQHandler                   
0000524b  PSS_IRQHandler                     
0000524b  PendSV_Handler                     
0000524b  RTC_C_IRQHandler                   
0000523f  Reset_Handler                      
0000524b  SVC_Handler                        
0000524b  SysTick_Handler                    
200081dc  SystemCoreClock                    
00004a19  SystemCoreClockUpdate              
00004c91  SystemInit                         
0000524b  T32_INT1_IRQHandler                
0000524b  T32_INT2_IRQHandler                
0000524b  T32_INTC_IRQHandler                
0000524b  TA0_0_IRQHandler                   
0000524b  TA0_N_IRQHandler                   
0000524b  TA1_0_IRQHandler                   
0000524b  TA1_N_IRQHandler                   
0000524b  TA2_0_IRQHandler                   
0000524b  TA2_N_IRQHandler                   
0000524b  TA3_0_IRQHandler                   
0000524b  TA3_N_IRQHandler                   
00004f8b  Task_Blink_LED1                    
200081d8  Task_Blink_LED1_Handle             
0000524b  UsageFault_Handler                 
4000480c  WDTCTL_SYM                         
0000524b  WDT_A_IRQHandler                   
20010000  __STACK_END                        
00000200  __STACK_SIZE                       
000052a0  __TI_CINIT_Base                    
000052b0  __TI_CINIT_Limit                   
00005288  __TI_Handler_Table_Base            
00005294  __TI_Handler_Table_Limit           
000051b9  __TI_auto_init_nobinit_nopinit     
0000514f  __TI_decompress_lzss               
00005231  __TI_decompress_none               
ffffffff  __TI_pprof_out_hndl                
ffffffff  __TI_prof_data_size                
ffffffff  __TI_prof_data_start               
00000000  __TI_static_base__                 
0000524d  __TI_zero_init                     
000050d5  __aeabi_memclr                     
000050d5  __aeabi_memclr4                    
000050d5  __aeabi_memclr8                    
00005039  __aeabi_memcpy                     
00005039  __aeabi_memcpy4                    
00005039  __aeabi_memcpy8                    
000050d7  __aeabi_memset                     
000050d7  __aeabi_memset4                    
000050d7  __aeabi_memset8                    
ffffffff  __binit__                          
ffffffff  __c_args__                         
UNDEFED   __mpu_init                         
2000fe00  __stack                            
20000000  __start___llvm_prf_cnts            
20000000  __stop___llvm_prf_cnts             
000051fd  _c_int00_noargs                    
UNDEFED   _system_post_cinit                 
00005259  _system_pre_init                   
0000525d  abort                              
ffffffff  binit                              
00004f75  blink_led1_hw_init                 
00001877  eTaskConfirmSleepModeStatus        
00000571  eTaskGetState                      
00000000  interruptVectors                   
00004fdb  main                               
00005039  memcpy                             
000050dd  memset                             
00000d65  pcTaskGetName                      
00003cb1  pcTimerGetName                     
0000437f  pvPortCalloc                       
00004179  pvPortMalloc                       
0000191d  pvTaskGetThreadLocalStoragePointer 
00001fbd  pvTaskIncrementMutexHeldCount      
000040e9  pvTimerGetTimerID                  
2000816c  pxCurrentTCB                       
000045d9  pxPortInitialiseStack              
0000375d  ucQueueGetQueueType                
00005260  ulMaxSyscallInterruptPriority      
00004ea9  ulPortGetIPSR                      
00001fd5  ulTaskGenericNotifyTake            
000027d1  ulTaskGenericNotifyValueClear      
00004e4f  uxListRemove                       
0000373d  uxQueueGetQueueNumber              
00003691  uxQueueMessagesWaiting             
000036ef  uxQueueMessagesWaitingFromISR      
000036bb  uxQueueSpacesAvailable             
00000d57  uxTaskGetNumberOfTasks             
00000da9  uxTaskGetSystemState               
000017dd  uxTaskGetTaskNumber                
0000064d  uxTaskPriorityGet                  
00000675  uxTaskPriorityGetFromISR           
00001f9b  uxTaskResetEventItemValue          
00003c75  uxTimerGetReloadMode               
00004145  uxTimerGetTimerNumber              
00005268  uxTopUsedPriority                  
00005005  vApplicationMallocFailedHook       
00005007  vApplicationStackOverflowHook      
00004d6d  vListInitialise                    
00004d9d  vListInitialiseItem                
00004de9  vListInsert                        
00004dad  vListInsertEnd                     
00004f65  vPortEnableVFP                     
0000471d  vPortEndScheduler                  
00004741  vPortEnterCritical                 
00004783  vPortExitCritical                  
000042d5  vPortFree                          
00004511  vPortGetHeapStats                  
0000437d  vPortInitialiseBlocks              
00004f21  vPortSVCHandler                    
00004945  vPortSetupTimerInterrupt           
00004f41  vPortStartFirstTask                
000047dd  vPortSuppressTicksAndSleep         
00004989  vPortValidateInterruptPriority     
00003719  vQueueDelete                       
0000374b  vQueueSetQueueNumber               
000039eb  vQueueWaitForMessageRestricted     
00000511  vTaskDelay                         
0000034d  vTaskDelete                        
00000af1  vTaskEndScheduler                  
000025b9  vTaskGenericNotifyGiveFromISR      
000019f9  vTaskGetInfo                       
000016ff  vTaskInternalSetTimeOutState       
000017d1  vTaskMissedYield                   
000012cb  vTaskPlaceOnEventList              
000013a9  vTaskPlaceOnEventListRestricted    
00001309  vTaskPlaceOnUnorderedEventList     
00001e51  vTaskPriorityDisinheritAfterTimeout
000006b9  vTaskPrioritySet                   
0000158d  vTaskRemoveFromUnorderedEventList  
00000995  vTaskResume                        
0000113d  vTaskSetApplicationTaskTag         
00001801  vTaskSetTaskNumber                 
000018cb  vTaskSetThreadLocalStoragePointer  
000016cd  vTaskSetTimeOutState               
00000a79  vTaskStartScheduler                
00000e85  vTaskStepTick                      
00000839  vTaskSuspend                       
00000b0d  vTaskSuspendAll                    
00001205  vTaskSwitchContext                 
00003bef  vTimerSetReloadMode                
00004117  vTimerSetTimerID                   
00004153  vTimerSetTimerNumber               
00004371  xPortGetFreeHeapSize               
00004377  xPortGetMinimumEverFreeHeapSize    
00004ec1  xPortPendSVHandler                 
00004665  xPortStartScheduler                
000047af  xPortSysTickHandler                
00002bd5  xQueueCreateCountingSemaphore      
00002b01  xQueueCreateMutex                  
00002a11  xQueueGenericCreate                
00002911  xQueueGenericReset                 
00002c21  xQueueGenericSend                  
00002dd5  xQueueGenericSendFromISR           
00002f11  xQueueGiveFromISR                  
00002b2d  xQueueGiveMutexRecursive           
00003957  xQueueIsQueueEmptyFromISR          
000039b1  xQueueIsQueueFullFromISR           
0000335d  xQueuePeek                         
000035e1  xQueuePeekFromISR                  
0000302f  xQueueReceive                      
000034db  xQueueReceiveFromISR               
000031a7  xQueueSemaphoreTake                
00002b7d  xQueueTakeMutexRecursive           
000011c7  xTaskCallApplicationTaskHook       
00000f11  xTaskCatchUpTicks                  
00001725  xTaskCheckForTimeOut               
000000e5  xTaskCreate                        
00000421  xTaskDelayUntil                    
00002175  xTaskGenericNotify                 
00002365  xTaskGenericNotifyFromISR          
00002769  xTaskGenericNotifyStateClear       
0000208d  xTaskGenericNotifyWait             
00001169  xTaskGetApplicationTaskTag         
0000118d  xTaskGetApplicationTaskTagFromISR  
00001bd5  xTaskGetCurrentTaskHandle          
00001be5  xTaskGetSchedulerState             
00000d2d  xTaskGetTickCount                  
00000d43  xTaskGetTickCountFromISR           
00000f6d  xTaskIncrementTick                 
00001d3b  xTaskPriorityDisinherit            
00001c2d  xTaskPriorityInherit               
0000141d  xTaskRemoveFromEventList           
00000b79  xTaskResumeAll                     
00003a89  xTimerCreate                       
00003a49  xTimerCreateTimerTask              
00003b27  xTimerGenericCommand               
00003c81  xTimerGetExpiryTime                
00003bc9  xTimerGetPeriod                    
00003c39  xTimerGetReloadMode                
00003ba7  xTimerGetTimerDaemonTaskHandle     
000040a9  xTimerIsTimerActive                


GLOBAL SYMBOLS: SORTED BY Symbol Address 

address   name                               
-------   ----                               
00000000  __TI_static_base__                 
00000000  interruptVectors                   
000000e5  xTaskCreate                        
00000200  __STACK_SIZE                       
0000034d  vTaskDelete                        
00000421  xTaskDelayUntil                    
00000511  vTaskDelay                         
00000571  eTaskGetState                      
0000064d  uxTaskPriorityGet                  
00000675  uxTaskPriorityGetFromISR           
000006b9  vTaskPrioritySet                   
00000839  vTaskSuspend                       
00000995  vTaskResume                        
00000a79  vTaskStartScheduler                
00000af1  vTaskEndScheduler                  
00000b0d  vTaskSuspendAll                    
00000b79  xTaskResumeAll                     
00000d2d  xTaskGetTickCount                  
00000d43  xTaskGetTickCountFromISR           
00000d57  uxTaskGetNumberOfTasks             
00000d65  pcTaskGetName                      
00000da9  uxTaskGetSystemState               
00000e85  vTaskStepTick                      
00000f11  xTaskCatchUpTicks                  
00000f6d  xTaskIncrementTick                 
0000113d  vTaskSetApplicationTaskTag         
00001169  xTaskGetApplicationTaskTag         
0000118d  xTaskGetApplicationTaskTagFromISR  
000011c7  xTaskCallApplicationTaskHook       
00001205  vTaskSwitchContext                 
000012cb  vTaskPlaceOnEventList              
00001309  vTaskPlaceOnUnorderedEventList     
000013a9  vTaskPlaceOnEventListRestricted    
0000141d  xTaskRemoveFromEventList           
0000158d  vTaskRemoveFromUnorderedEventList  
000016cd  vTaskSetTimeOutState               
000016ff  vTaskInternalSetTimeOutState       
00001725  xTaskCheckForTimeOut               
000017d1  vTaskMissedYield                   
000017dd  uxTaskGetTaskNumber                
00001801  vTaskSetTaskNumber                 
00001877  eTaskConfirmSleepModeStatus        
000018cb  vTaskSetThreadLocalStoragePointer  
0000191d  pvTaskGetThreadLocalStoragePointer 
000019f9  vTaskGetInfo                       
00001bd5  xTaskGetCurrentTaskHandle          
00001be5  xTaskGetSchedulerState             
00001c2d  xTaskPriorityInherit               
00001d3b  xTaskPriorityDisinherit            
00001e51  vTaskPriorityDisinheritAfterTimeout
00001f9b  uxTaskResetEventItemValue          
00001fbd  pvTaskIncrementMutexHeldCount      
00001fd5  ulTaskGenericNotifyTake            
0000208d  xTaskGenericNotifyWait             
00002175  xTaskGenericNotify                 
00002365  xTaskGenericNotifyFromISR          
000025b9  vTaskGenericNotifyGiveFromISR      
00002769  xTaskGenericNotifyStateClear       
000027d1  ulTaskGenericNotifyValueClear      
00002911  xQueueGenericReset                 
00002a11  xQueueGenericCreate                
00002b01  xQueueCreateMutex                  
00002b2d  xQueueGiveMutexRecursive           
00002b7d  xQueueTakeMutexRecursive           
00002bd5  xQueueCreateCountingSemaphore      
00002c21  xQueueGenericSend                  
00002dd5  xQueueGenericSendFromISR           
00002f11  xQueueGiveFromISR                  
0000302f  xQueueReceive                      
000031a7  xQueueSemaphoreTake                
0000335d  xQueuePeek                         
000034db  xQueueReceiveFromISR               
000035e1  xQueuePeekFromISR                  
00003691  uxQueueMessagesWaiting             
000036bb  uxQueueSpacesAvailable             
000036ef  uxQueueMessagesWaitingFromISR      
00003719  vQueueDelete                       
0000373d  uxQueueGetQueueNumber              
0000374b  vQueueSetQueueNumber               
0000375d  ucQueueGetQueueType                
00003957  xQueueIsQueueEmptyFromISR          
000039b1  xQueueIsQueueFullFromISR           
000039eb  vQueueWaitForMessageRestricted     
00003a49  xTimerCreateTimerTask              
00003a89  xTimerCreate                       
00003b27  xTimerGenericCommand               
00003ba7  xTimerGetTimerDaemonTaskHandle     
00003bc9  xTimerGetPeriod                    
00003bef  vTimerSetReloadMode                
00003c39  xTimerGetReloadMode                
00003c75  uxTimerGetReloadMode               
00003c81  xTimerGetExpiryTime                
00003cb1  pcTimerGetName                     
000040a9  xTimerIsTimerActive                
000040e9  pvTimerGetTimerID                  
00004117  vTimerSetTimerID                   
00004145  uxTimerGetTimerNumber              
00004153  vTimerSetTimerNumber               
00004179  pvPortMalloc                       
000042d5  vPortFree                          
00004371  xPortGetFreeHeapSize               
00004377  xPortGetMinimumEverFreeHeapSize    
0000437d  vPortInitialiseBlocks              
0000437f  pvPortCalloc                       
00004511  vPortGetHeapStats                  
000045d9  pxPortInitialiseStack              
00004665  xPortStartScheduler                
0000471d  vPortEndScheduler                  
00004741  vPortEnterCritical                 
00004783  vPortExitCritical                  
000047af  xPortSysTickHandler                
000047dd  vPortSuppressTicksAndSleep         
00004945  vPortSetupTimerInterrupt           
00004989  vPortValidateInterruptPriority     
00004a19  SystemCoreClockUpdate              
00004c91  SystemInit                         
00004d6d  vListInitialise                    
00004d9d  vListInitialiseItem                
00004dad  vListInsertEnd                     
00004de9  vListInsert                        
00004e4f  uxListRemove                       
00004ea9  ulPortGetIPSR                      
00004ec1  xPortPendSVHandler                 
00004f21  vPortSVCHandler                    
00004f41  vPortStartFirstTask                
00004f65  vPortEnableVFP                     
00004f75  blink_led1_hw_init                 
00004f8b  Task_Blink_LED1                    
00004fdb  main                               
00005005  vApplicationMallocFailedHook       
00005007  vApplicationStackOverflowHook      
00005039  __aeabi_memcpy                     
00005039  __aeabi_memcpy4                    
00005039  __aeabi_memcpy8                    
00005039  memcpy                             
000050d5  __aeabi_memclr                     
000050d5  __aeabi_memclr4                    
000050d5  __aeabi_memclr8                    
000050d7  __aeabi_memset                     
000050d7  __aeabi_memset4                    
000050d7  __aeabi_memset8                    
000050dd  memset                             
0000514f  __TI_decompress_lzss               
000051b9  __TI_auto_init_nobinit_nopinit     
000051fd  _c_int00_noargs                    
00005231  __TI_decompress_none               
0000523f  Reset_Handler                      
0000524b  ADC14_IRQHandler                   
0000524b  AES256_IRQHandler                  
0000524b  BusFault_Handler                   
0000524b  COMP_E0_IRQHandler                 
0000524b  COMP_E1_IRQHandler                 
0000524b  CS_IRQHandler                      
0000524b  DMA_ERR_IRQHandler                 
0000524b  DMA_INT0_IRQHandler                
0000524b  DMA_INT1_IRQHandler                
0000524b  DMA_INT2_IRQHandler                
0000524b  DMA_INT3_IRQHandler                
0000524b  DebugMon_Handler                   
0000524b  Default_Handler                    
0000524b  EUSCIA0_IRQHandler                 
0000524b  EUSCIA1_IRQHandler                 
0000524b  EUSCIA2_IRQHandler                 
0000524b  EUSCIA3_IRQHandler                 
0000524b  EUSCIB0_IRQHandler                 
0000524b  EUSCIB1_IRQHandler                 
0000524b  EUSCIB2_IRQHandler                 
0000524b  EUSCIB3_IRQHandler                 
0000524b  FLCTL_IRQHandler                   
0000524b  FPU_IRQHandler                     
0000524b  HardFault_Handler                  
0000524b  MemManage_Handler                  
0000524b  NMI_Handler                        
0000524b  PCM_IRQHandler                     
0000524b  PORT1_IRQHandler                   
0000524b  PORT2_IRQHandler                   
0000524b  PORT3_IRQHandler                   
0000524b  PORT4_IRQHandler                   
0000524b  PORT5_IRQHandler                   
0000524b  PORT6_IRQHandler                   
0000524b  PSS_IRQHandler                     
0000524b  PendSV_Handler                     
0000524b  RTC_C_IRQHandler                   
0000524b  SVC_Handler                        
0000524b  SysTick_Handler                    
0000524b  T32_INT1_IRQHandler                
0000524b  T32_INT2_IRQHandler                
0000524b  T32_INTC_IRQHandler                
0000524b  TA0_0_IRQHandler                   
0000524b  TA0_N_IRQHandler                   
0000524b  TA1_0_IRQHandler                   
0000524b  TA1_N_IRQHandler                   
0000524b  TA2_0_IRQHandler                   
0000524b  TA2_N_IRQHandler                   
0000524b  TA3_0_IRQHandler                   
0000524b  TA3_N_IRQHandler                   
0000524b  UsageFault_Handler                 
0000524b  WDT_A_IRQHandler                   
0000524d  __TI_zero_init                     
00005259  _system_pre_init                   
0000525d  C$$EXIT                            
0000525d  abort                              
00005260  ulMaxSyscallInterruptPriority      
00005268  uxTopUsedPriority                  
00005288  __TI_Handler_Table_Base            
00005294  __TI_Handler_Table_Limit           
000052a0  __TI_CINIT_Base                    
000052b0  __TI_CINIT_Limit                   
20000000  __start___llvm_prf_cnts            
20000000  __stop___llvm_prf_cnts             
2000816c  pxCurrentTCB                       
200081d8  Task_Blink_LED1_Handle             
200081dc  SystemCoreClock                    
2000fe00  __stack                            
20010000  __STACK_END                        
4000480c  WDTCTL_SYM                         
ffffffff  __TI_pprof_out_hndl                
ffffffff  __TI_prof_data_size                
ffffffff  __TI_prof_data_start               
ffffffff  __binit__                          
ffffffff  __c_args__                         
ffffffff  binit                              
UNDEFED   __mpu_init                         
UNDEFED   _system_post_cinit                 

[224 symbols]
